108 instances -> results/campaign_first.csv
[1/108] er_n10_p0.1_s1         n=10  sets=6      fastest=bk_pivot       0.10ms
[2/108] er_n10_p0.3_s1         n=10  sets=14     fastest=bk_pivot       0.08ms
[3/108] er_n10_p0.5_s1         n=10  sets=9      fastest=bk_pivot       0.06ms
[4/108] er_n10_p0.7_s1         n=10  sets=8      fastest=bk_pivot       0.05ms
[5/108] er_n10_p0.1_s2         n=10  sets=6      fastest=bk_tomita      0.11ms
[6/108] er_n10_p0.3_s2         n=10  sets=10     fastest=bk_pivot       0.12ms
[7/108] er_n10_p0.5_s2         n=10  sets=13     fastest=bk_pivot       0.08ms
[8/108] er_n10_p0.7_s2         n=10  sets=12     fastest=bk_basic       0.07ms
[9/108] ba_n10_m3_s1           n=10  sets=10     fastest=bk_tomita      0.09ms
[10/108] ba_n10_m3_s2           n=10  sets=9      fastest=bk_pivot       0.09ms
[11/108] ws_n10_s1              n=10  sets=13     fastest=bk_basic       0.06ms
[12/108] ws_n10_s2              n=10  sets=12     fastest=bk_pivot       0.05ms
[13/108] er_n12_p0.1_s1         n=12  sets=10     fastest=bk_tomita      0.20ms
[14/108] er_n12_p0.3_s1         n=12  sets=14     fastest=bk_tomita      0.15ms
[15/108] er_n12_p0.5_s1         n=12  sets=15     fastest=bk_pivot       0.12ms
[16/108] er_n12_p0.7_s1         n=12  sets=13     fastest=bk_pivot       0.08ms
[17/108] er_n12_p0.1_s2         n=12  sets=5      fastest=bk_tomita      0.14ms
[18/108] er_n12_p0.3_s2         n=12  sets=19     fastest=bk_tomita      0.17ms
[19/108] er_n12_p0.5_s2         n=12  sets=19     fastest=bk_pivot       0.13ms
[20/108] er_n12_p0.7_s2         n=12  sets=13     fastest=bk_pivot       0.09ms
[21/108] ba_n12_m3_s1           n=12  sets=12     fastest=bk_tomita      0.13ms
[22/108] ba_n12_m3_s2           n=12  sets=11     fastest=bk_pivot       0.13ms
[23/108] ws_n12_s1              n=12  sets=18     fastest=bk_pivot       0.11ms
[24/108] ws_n12_s2              n=12  sets=19     fastest=bk_pivot       0.09ms
[25/108] er_n14_p0.1_s1         n=14  sets=9      fastest=bk_tomita      0.19ms
[26/108] er_n14_p0.3_s1         n=14  sets=22     fastest=bk_tomita      0.27ms
[27/108] er_n14_p0.5_s1         n=14  sets=20     fastest=bk_tomita      0.19ms
[28/108] er_n14_p0.7_s1         n=14  sets=14     fastest=bk_pivot       0.11ms
[29/108] er_n14_p0.1_s2         n=14  sets=12     fastest=bk_tomita      0.20ms
[30/108] er_n14_p0.3_s2         n=14  sets=22     fastest=bk_tomita      0.25ms
[31/108] er_n14_p0.5_s2         n=14  sets=21     fastest=bk_tomita      0.22ms
[32/108] er_n14_p0.7_s2         n=14  sets=17     fastest=bk_pivot       0.13ms
[33/108] ba_n14_m3_s1           n=14  sets=16     fastest=bk_tomita      0.21ms
[34/108] ba_n14_m3_s2           n=14  sets=16     fastest=bk_tomita      0.19ms
[35/108] ws_n14_s1              n=14  sets=29     fastest=bk_pivot       0.17ms
[36/108] ws_n14_s2              n=14  sets=30     fastest=bk_pivot       0.15ms
[37/108] er_n16_p0.1_s1         n=16  sets=24     fastest=bk_tomita      0.37ms
[38/108] er_n16_p0.3_s1         n=16  sets=39     fastest=bk_tomita      0.37ms
[39/108] er_n16_p0.5_s1         n=16  sets=31     fastest=bk_tomita      0.27ms
[40/108] er_n16_p0.7_s1         n=16  sets=22     fastest=bk_pivot       0.14ms
[41/108] er_n16_p0.1_s2         n=16  sets=81     fastest=bk_pivot       0.47ms
[42/108] er_n16_p0.3_s2         n=16  sets=42     fastest=bk_pivot       0.35ms
[43/108] er_n16_p0.5_s2         n=16  sets=36     fastest=bk_tomita      0.27ms
[44/108] er_n16_p0.7_s2         n=16  sets=27     fastest=bk_pivot       0.15ms
[45/108] ba_n16_m3_s1           n=16  sets=31     fastest=bk_pivot       0.31ms
[46/108] ba_n16_m3_s2           n=16  sets=31     fastest=bk_pivot       0.27ms
[47/108] ws_n16_s1              n=16  sets=58     fastest=bk_pivot       0.23ms
[48/108] ws_n16_s2              n=16  sets=55     fastest=bk_pivot       0.22ms
[49/108] er_n18_p0.1_s1         n=18  sets=108    fastest=bk_pivot       1.06ms
[50/108] er_n18_p0.3_s1         n=18  sets=56     fastest=bk_pivot       0.49ms
[51/108] er_n18_p0.5_s1         n=18  sets=32     fastest=bk_pivot       0.29ms
[52/108] er_n18_p0.7_s1         n=18  sets=24     fastest=bk_pivot       0.16ms
[53/108] er_n18_p0.1_s2         n=18  sets=40     fastest=bk_pivot       0.58ms
[54/108] er_n18_p0.3_s2         n=18  sets=66     fastest=bk_pivot       0.52ms
[55/108] er_n18_p0.5_s2         n=18  sets=44     fastest=bk_pivot       0.29ms
[56/108] er_n18_p0.7_s2         n=18  sets=28     fastest=bk_pivot       0.19ms
[57/108] ba_n18_m3_s1           n=18  sets=50     fastest=bk_pivot       0.44ms
[58/108] ba_n18_m3_s2           n=18  sets=49     fastest=bk_pivot       0.40ms
[59/108] ws_n18_s1              n=18  sets=88     fastest=bk_pivot       0.35ms
[60/108] ws_n18_s2              n=18  sets=97     fastest=bk_pivot       0.32ms
[61/108] er_n20_p0.1_s1         n=20  sets=84     fastest=bk_tomita      0.93ms
[62/108] er_n20_p0.3_s1         n=20  sets=75     fastest=bk_pivot       0.75ms
[63/108] er_n20_p0.5_s1         n=20  sets=62     fastest=bk_tomita      0.48ms
[64/108] er_n20_p0.7_s1         n=20  sets=35     fastest=bk_pivot       0.21ms
[65/108] er_n20_p0.1_s2         n=20  sets=69     fastest=bk_tomita      0.92ms
[66/108] er_n20_p0.3_s2         n=20  sets=80     fastest=bk_pivot       0.66ms
[67/108] er_n20_p0.5_s2         n=20  sets=57     fastest=bk_pivot       0.34ms
[68/108] er_n20_p0.7_s2         n=20  sets=34     fastest=bk_pivot       0.21ms
[69/108] ba_n20_m3_s1           n=20  sets=79     fastest=bk_pivot       0.66ms
[70/108] ba_n20_m3_s2           n=20  sets=84     fastest=bk_pivot       0.69ms
[71/108] ws_n20_s1              n=20  sets=145    fastest=bk_pivot       0.54ms
[72/108] ws_n20_s2              n=20  sets=131    fastest=bk_pivot       0.49ms
[73/108] er_n22_p0.1_s1         n=22  sets=160    fastest=bk_tomita      1.72ms
[74/108] er_n22_p0.3_s1         n=22  sets=113    fastest=bk_tomita      1.21ms
[75/108] er_n22_p0.5_s1         n=22  sets=70     fastest=bk_pivot       0.50ms
[76/108] er_n22_p0.7_s1         n=22  sets=42     fastest=bk_pivot       0.26ms
[77/108] er_n22_p0.1_s2         n=22  sets=162    fastest=bk_tomita      1.92ms
[78/108] er_n22_p0.3_s2         n=22  sets=145    fastest=bk_pivot       1.05ms
[79/108] er_n22_p0.5_s2         n=22  sets=72     fastest=bk_pivot       0.52ms
[80/108] er_n22_p0.7_s2         n=22  sets=40     fastest=bk_pivot       0.27ms
[81/108] ba_n22_m3_s1           n=22  sets=187    fastest=bk_pivot       1.23ms
[82/108] ba_n22_m3_s2           n=22  sets=141    fastest=bk_tomita      1.19ms
[83/108] ws_n22_s1              n=22  sets=246    fastest=bk_pivot       0.96ms
[84/108] ws_n22_s2              n=22  sets=226    fastest=bk_pivot       0.88ms
[85/108] er_n24_p0.1_s1         n=24  sets=296    fastest=bk_tomita      3.22ms
[86/108] er_n24_p0.3_s1         n=24  sets=150    fastest=bk_pivot       1.36ms
[87/108] er_n24_p0.5_s1         n=24  sets=86     fastest=bk_pivot       0.68ms
[88/108] er_n24_p0.7_s1         n=24  sets=44     fastest=bk_pivot       0.31ms
