135 instances, n=24..40, 8 arms, labellings=random -> results/final_v3.csv
[1/135] er_n24_p0.3_s1       n=24  sets=150     fastest=bk_pivot_bit    pivot/tomita=0.91
[2/135] er_n24_p0.5_s1       n=24  sets=86      fastest=bk_pivot_bit    pivot/tomita=0.84
[3/135] er_n24_p0.7_s1       n=24  sets=44      fastest=bk_pivot_bit    pivot/tomita=0.87
[4/135] er_n24_p0.3_s2       n=24  sets=164     fastest=bk_pivot        pivot/tomita=0.82
[5/135] er_n24_p0.5_s2       n=24  sets=85      fastest=bk_pivot_bit    pivot/tomita=0.82
[6/135] er_n24_p0.7_s2       n=24  sets=43      fastest=bk_pivot        pivot/tomita=0.74
[7/135] er_n24_p0.3_s3       n=24  sets=238     fastest=bk_pivot_bit    pivot/tomita=1.00
[8/135] er_n24_p0.5_s3       n=24  sets=102     fastest=bk_pivot_bit    pivot/tomita=0.99
[9/135] er_n24_p0.7_s3       n=24  sets=44      fastest=bk_pivot_p      pivot/tomita=0.82
[10/135] ba_n24_m3_s1         n=24  sets=240     fastest=bk_pivot_bit    pivot/tomita=1.07
[11/135] ba_n24_m3_s2         n=24  sets=186     fastest=bk_pivot_bit    pivot/tomita=1.09
[12/135] ba_n24_m3_s3         n=24  sets=111     fastest=bk_tomita_bit   pivot/tomita=1.43
[13/135] ws_n24_s1            n=24  sets=377     fastest=bk_pivot_bit    pivot/tomita=0.88
[14/135] ws_n24_s2            n=24  sets=404     fastest=bk_pivot_bit    pivot/tomita=0.89
[15/135] ws_n24_s3            n=24  sets=368     fastest=bk_pivot_bit    pivot/tomita=1.17
[16/135] er_n26_p0.3_s1       n=26  sets=224     fastest=bk_tomita_bit   pivot/tomita=0.96
[17/135] er_n26_p0.5_s1       n=26  sets=109     fastest=bk_pivot        pivot/tomita=0.84
[18/135] er_n26_p0.7_s1       n=26  sets=49      fastest=bk_pivot        pivot/tomita=0.75
[19/135] er_n26_p0.3_s2       n=26  sets=195     fastest=bk_pivot_bit    pivot/tomita=0.93
[20/135] er_n26_p0.5_s2       n=26  sets=122     fastest=bk_pivot_bit    pivot/tomita=0.90
[21/135] er_n26_p0.7_s2       n=26  sets=64      fastest=bk_pivot        pivot/tomita=0.83
[22/135] er_n26_p0.3_s3       n=26  sets=374     fastest=bk_tomita_bit   pivot/tomita=0.93
[23/135] er_n26_p0.5_s3       n=26  sets=110     fastest=bk_pivot_bit    pivot/tomita=0.76
[24/135] er_n26_p0.7_s3       n=26  sets=65      fastest=bk_pivot_p      pivot/tomita=0.93
[25/135] ba_n26_m3_s1         n=26  sets=363     fastest=bk_tomita       pivot/tomita=1.40
[26/135] ba_n26_m3_s2         n=26  sets=255     fastest=bk_pivot_bit    pivot/tomita=1.56
[27/135] ba_n26_m3_s3         n=26  sets=171     fastest=bk_tomita_bit   pivot/tomita=1.66
[28/135] ws_n26_s1            n=26  sets=590     fastest=bk_pivot_bit    pivot/tomita=0.81
[29/135] ws_n26_s2            n=26  sets=679     fastest=bk_pivot_bit    pivot/tomita=0.81
[30/135] ws_n26_s3            n=26  sets=562     fastest=bk_pivot_bit    pivot/tomita=1.20
[31/135] er_n28_p0.3_s1       n=28  sets=331     fastest=bk_pivot_bit    pivot/tomita=1.22
[32/135] er_n28_p0.5_s1       n=28  sets=122     fastest=bk_pivot_bit    pivot/tomita=0.86
[33/135] er_n28_p0.7_s1       n=28  sets=64      fastest=bk_pivot_bit    pivot/tomita=0.93
[34/135] er_n28_p0.3_s2       n=28  sets=285     fastest=bk_pivot_bit    pivot/tomita=1.11
[35/135] er_n28_p0.5_s2       n=28  sets=164     fastest=bk_pivot_bit    pivot/tomita=0.85
[36/135] er_n28_p0.7_s2       n=28  sets=71      fastest=bk_pivot_p      pivot/tomita=0.86
[37/135] er_n28_p0.3_s3       n=28  sets=386     fastest=bk_pivot_bit    pivot/tomita=1.17
[38/135] er_n28_p0.5_s3       n=28  sets=144     fastest=bk_pivot_bit    pivot/tomita=0.87
[39/135] er_n28_p0.7_s3       n=28  sets=80      fastest=bk_pivot_p      pivot/tomita=0.85
[40/135] ba_n28_m3_s1         n=28  sets=507     fastest=bk_tomita_bit   pivot/tomita=1.13
[41/135] ba_n28_m3_s2         n=28  sets=315     fastest=bk_tomita_bit   pivot/tomita=1.50
[42/135] ba_n28_m3_s3         n=28  sets=179     fastest=bk_tomita_bit   pivot/tomita=1.75
[43/135] ws_n28_s1            n=28  sets=1010    fastest=bk_pivot_bit    pivot/tomita=1.24
[44/135] ws_n28_s2            n=28  sets=1140    fastest=bk_pivot_bit    pivot/tomita=0.92
[45/135] ws_n28_s3            n=28  sets=941     fastest=bk_pivot_bit    pivot/tomita=1.14
[46/135] er_n30_p0.3_s1       n=30  sets=371     fastest=bk_tomita_bit   pivot/tomita=1.19
[47/135] er_n30_p0.5_s1       n=30  sets=142     fastest=bk_pivot_bit    pivot/tomita=0.91
[48/135] er_n30_p0.7_s1       n=30  sets=85      fastest=bk_pivot_bit    pivot/tomita=0.93
[49/135] er_n30_p0.3_s2       n=30  sets=475     fastest=bk_tomita_bit   pivot/tomita=1.09
[50/135] er_n30_p0.5_s2       n=30  sets=170     fastest=bk_pivot_bit    pivot/tomita=0.93
[51/135] er_n30_p0.7_s2       n=30  sets=86      fastest=bk_pivot_bit    pivot/tomita=0.96
[52/135] er_n30_p0.3_s3       n=30  sets=506     fastest=bk_pivot_bit    pivot/tomita=1.07
[53/135] er_n30_p0.5_s3       n=30  sets=170     fastest=bk_pivot_bit    pivot/tomita=1.03
[54/135] er_n30_p0.7_s3       n=30  sets=70      fastest=bk_pivot_bit    pivot/tomita=0.90
[55/135] ba_n30_m3_s1         n=30  sets=797     fastest=bk_tomita_bit   pivot/tomita=1.16
[56/135] ba_n30_m3_s2         n=30  sets=486     fastest=bk_tomita_bit   pivot/tomita=1.97
[57/135] ba_n30_m3_s3         n=30  sets=510     fastest=bk_tomita_bit   pivot/tomita=0.96
[58/135] ws_n30_s1            n=30  sets=1693    fastest=bk_pivot_bit    pivot/tomita=1.11
[59/135] ws_n30_s2            n=30  sets=1813    fastest=bk_pivot_bit    pivot/tomita=1.00
[60/135] ws_n30_s3            n=30  sets=1458    fastest=bk_pivot_bit    pivot/tomita=1.05
[61/135] er_n32_p0.3_s1       n=32  sets=471     fastest=bk_pivot        pivot/tomita=0.80
[62/135] er_n32_p0.5_s1       n=32  sets=209     fastest=bk_pivot        pivot/tomita=0.80
[63/135] er_n32_p0.7_s1       n=32  sets=108     fastest=bk_pivot_p      pivot/tomita=0.78
[64/135] er_n32_p0.3_s2       n=32  sets=685     fastest=bk_tomita       pivot/tomita=1.13
[65/135] er_n32_p0.5_s2       n=32  sets=202     fastest=bk_pivot_bit    pivot/tomita=0.97
[66/135] er_n32_p0.7_s2       n=32  sets=89      fastest=bk_pivot        pivot/tomita=0.88
[67/135] er_n32_p0.3_s3       n=32  sets=677     fastest=bk_pivot_bit    pivot/tomita=0.91
[68/135] er_n32_p0.5_s3       n=32  sets=209     fastest=bk_pivot        pivot/tomita=0.91
[69/135] er_n32_p0.7_s3       n=32  sets=92      fastest=bk_pivot        pivot/tomita=0.80
[70/135] ba_n32_m3_s1         n=32  sets=1236    fastest=bk_tomita       pivot/tomita=1.22
[71/135] ba_n32_m3_s2         n=32  sets=893     fastest=bk_tomita       pivot/tomita=1.60
[72/135] ba_n32_m3_s3         n=32  sets=808     fastest=bk_tomita       pivot/tomita=1.90
[73/135] ws_n32_s1            n=32  sets=2911    fastest=bk_pivot_bit    pivot/tomita=1.06
[74/135] ws_n32_s2            n=32  sets=3106    fastest=bk_pivot_bit    pivot/tomita=0.97
[75/135] ws_n32_s3            n=32  sets=2407    fastest=bk_pivot_bit    pivot/tomita=0.98
[76/135] er_n34_p0.3_s1       n=34  sets=873     fastest=bk_tomita       pivot/tomita=1.34
[77/135] er_n34_p0.5_s1       n=34  sets=291     fastest=bk_pivot_p      pivot/tomita=0.93
[78/135] er_n34_p0.7_s1       n=34  sets=102     fastest=bk_pivot        pivot/tomita=0.75
[79/135] er_n34_p0.3_s2       n=34  sets=852     fastest=bk_tomita       pivot/tomita=1.08
[80/135] er_n34_p0.5_s2       n=34  sets=249     fastest=bk_pivot        pivot/tomita=0.90
[81/135] er_n34_p0.7_s2       n=34  sets=107     fastest=bk_pivot_p      pivot/tomita=0.83
[82/135] er_n34_p0.3_s3       n=34  sets=765     fastest=bk_pivot_bit    pivot/tomita=1.02
[83/135] er_n34_p0.5_s3       n=34  sets=268     fastest=bk_pivot        pivot/tomita=0.81
[84/135] er_n34_p0.7_s3       n=34  sets=114     fastest=bk_pivot        pivot/tomita=0.81
[85/135] ba_n34_m3_s1         n=34  sets=1563    fastest=bk_tomita       pivot/tomita=1.45
[86/135] ba_n34_m3_s2         n=34  sets=1532    fastest=bk_tomita       pivot/tomita=1.71
[87/135] ba_n34_m3_s3         n=34  sets=1495    fastest=bk_pivot        pivot/tomita=0.95
[88/135] ws_n34_s1            n=34  sets=4884    fastest=bk_tomita       pivot/tomita=1.03
[89/135] ws_n34_s2            n=34  sets=5511    fastest=bk_pivot        pivot/tomita=0.99
[90/135] ws_n34_s3            n=34  sets=3800    fastest=bk_tomita       pivot/tomita=1.04
[91/135] er_n36_p0.3_s1       n=36  sets=1147    fastest=bk_pivot        pivot/tomita=0.94
[92/135] er_n36_p0.5_s1       n=36  sets=332     fastest=bk_pivot        pivot/tomita=0.90
[93/135] er_n36_p0.7_s1       n=36  sets=127     fastest=bk_pivot        pivot/tomita=0.74
[94/135] er_n36_p0.3_s2       n=36  sets=920     fastest=bk_tomita       pivot/tomita=1.00
[95/135] er_n36_p0.5_s2       n=36  sets=342     fastest=bk_pivot        pivot/tomita=0.84
[96/135] er_n36_p0.7_s2       n=36  sets=119     fastest=bk_pivot        pivot/tomita=0.75
[97/135] er_n36_p0.3_s3       n=36  sets=1013    fastest=bk_tomita       pivot/tomita=1.12
[98/135] er_n36_p0.5_s3       n=36  sets=292     fastest=bk_pivot        pivot/tomita=0.82
[99/135] er_n36_p0.7_s3       n=36  sets=128     fastest=bk_pivot        pivot/tomita=0.78
[100/135] ba_n36_m3_s1         n=36  sets=2105    fastest=bk_tomita       pivot/tomita=1.08
[101/135] ba_n36_m3_s2         n=36  sets=2223    fastest=bk_tomita       pivot/tomita=1.56
[102/135] ba_n36_m3_s3         n=36  sets=1656    fastest=bk_tomita       pivot/tomita=1.75
[103/135] ws_n36_s1            n=36  sets=7916    fastest=bk_tomita       pivot/tomita=1.10
[104/135] ws_n36_s2            n=36  sets=9278    fastest=bk_tomita       pivot/tomita=1.07
[105/135] ws_n36_s3            n=36  sets=5727    fastest=bk_pivot_bit    pivot/tomita=1.49
[106/135] er_n38_p0.3_s1       n=38  sets=1223    fastest=bk_tomita       pivot/tomita=1.12
[107/135] er_n38_p0.5_s1       n=38  sets=402     fastest=bk_pivot        pivot/tomita=0.85
[108/135] er_n38_p0.7_s1       n=38  sets=151     fastest=bk_pivot        pivot/tomita=0.71
[109/135] er_n38_p0.3_s2       n=38  sets=975     fastest=bk_tomita_bit   pivot/tomita=1.52
[110/135] er_n38_p0.5_s2       n=38  sets=363     fastest=bk_pivot        pivot/tomita=0.93
[111/135] er_n38_p0.7_s2       n=38  sets=142     fastest=bk_pivot        pivot/tomita=0.84
[112/135] er_n38_p0.3_s3       n=38  sets=1417    fastest=bk_tomita       pivot/tomita=1.01
[113/135] er_n38_p0.5_s3       n=38  sets=371     fastest=bk_pivot        pivot/tomita=0.80
[114/135] er_n38_p0.7_s3       n=38  sets=123     fastest=bk_pivot_p      pivot/tomita=0.82
[115/135] ba_n38_m3_s1         n=38  sets=3393    fastest=bk_pivot        pivot/tomita=0.86
[116/135] ba_n38_m3_s2         n=38  sets=2861    fastest=bk_tomita       pivot/tomita=1.31
[117/135] ba_n38_m3_s3         n=38  sets=2292    fastest=bk_tomita       pivot/tomita=1.01
[118/135] ws_n38_s1            n=38  sets=13548   fastest=bk_pivot_bit    pivot/tomita=1.06
[119/135] ws_n38_s2            n=38  sets=15197   fastest=bk_tomita       pivot/tomita=1.21
[120/135] ws_n38_s3            n=38  sets=9967    fastest=bk_tomita       pivot/tomita=1.29
[121/135] er_n40_p0.3_s1       n=40  sets=1596    fastest=bk_tomita       pivot/tomita=1.81
[122/135] er_n40_p0.5_s1       n=40  sets=442     fastest=bk_pivot        pivot/tomita=0.92
[123/135] er_n40_p0.7_s1       n=40  sets=165     fastest=bk_pivot        pivot/tomita=0.84
[124/135] er_n40_p0.3_s2       n=40  sets=1685    fastest=bk_tomita_bit   pivot/tomita=1.27
[125/135] er_n40_p0.5_s2       n=40  sets=431     fastest=bk_pivot        pivot/tomita=0.87
[126/135] er_n40_p0.7_s2       n=40  sets=159     fastest=bk_pivot        pivot/tomita=0.75
[127/135] er_n40_p0.3_s3       n=40  sets=1661    fastest=bk_tomita       pivot/tomita=1.03
[128/135] er_n40_p0.5_s3       n=40  sets=434     fastest=bk_pivot_p      pivot/tomita=0.90
[129/135] er_n40_p0.7_s3       n=40  sets=148     fastest=bk_pivot_p      pivot/tomita=1.01
[130/135] ba_n40_m3_s1         n=40  sets=4241    fastest=bk_tomita       pivot/tomita=1.32
[131/135] ba_n40_m3_s2         n=40  sets=3654    fastest=bk_tomita       pivot/tomita=1.58
[132/135] ba_n40_m3_s3         n=40  sets=3229    fastest=bk_ikgp         pivot/tomita=2.09
[133/135] ws_n40_s1            n=40  sets=20508   fastest=bk_tomita       pivot/tomita=1.21
[134/135] ws_n40_s2            n=40  sets=24845   fastest=bk_tomita       pivot/tomita=1.22
[135/135] ws_n40_s3            n=40  sets=20293   fastest=bk_tomita       pivot/tomita=1.57

1077 rows -> results/final_v3.csv
then: python scripts/crossover_analysis.py results/final_v3.csv
